../Core/Src/main.c:107:5:main	72	static
../Core/Src/main.c:391:6:SystemClock_Config	72	static
../Core/Src/main.c:431:13:MX_TIM1_Init	96	static
../Core/Src/main.c:506:13:MX_TIM4_Init	64	static
../Core/Src/main.c:569:13:MX_USART1_UART_Init	8	static
../Core/Src/main.c:602:13:MX_GPIO_Init	40	static
../Core/Src/main.c:664:6:HAL_UART_RxCpltCallback	16	static
../Core/Src/main.c:708:6:ModeLED	16	static
../Core/Src/main.c:716:6:Forward	8	static
../Core/Src/main.c:726:6:Backward	8	static
../Core/Src/main.c:736:6:Left	8	static
../Core/Src/main.c:746:6:Right	8	static
../Core/Src/main.c:756:6:Stop	8	static
../Core/Src/main.c:764:6:Grip	4	static
../Core/Src/main.c:769:6:Release	4	static
../Core/Src/main.c:780:6:Error_Handler	4	static,ignoring_inline_asm
