../Core/Src/main.c:81:5:main	8	static
../Core/Src/main.c:170:6:SystemClock_Config	72	static
../Core/Src/main.c:210:13:MX_TIM1_Init	96	static
../Core/Src/main.c:285:13:MX_TIM4_Init	64	static
../Core/Src/main.c:348:13:MX_USART1_UART_Init	8	static
../Core/Src/main.c:381:13:MX_GPIO_Init	40	static
../Core/Src/main.c:428:6:HAL_UART_RxCpltCallback	16	static
../Core/Src/main.c:472:6:Forward	8	static
../Core/Src/main.c:480:6:Backward	8	static
../Core/Src/main.c:488:6:Left	8	static
../Core/Src/main.c:496:6:Right	8	static
../Core/Src/main.c:504:6:Stop	8	static
../Core/Src/main.c:512:6:Grip	4	static
../Core/Src/main.c:517:6:Release	4	static
../Core/Src/main.c:528:6:Error_Handler	4	static,ignoring_inline_asm
